🔍 DEBUG: Initializing v2 plugin system
[PluginLoaderV2] load_plugin: lib='libnyash_regex_plugin.so' path='plugins/nyash-regex-plugin/target/release/libnyash_regex_plugin.so'
[PluginLoaderV2] load_plugin: lib='libnyash_python_plugin.so' path='plugins/nyash-python-plugin/target/release/libnyash_python_plugin.so'
[PluginLoaderV2] load_plugin: lib='libnyash_path_plugin.so' path='plugins/nyash-path-plugin/target/release/libnyash_path_plugin.so'
[PluginLoaderV2] load_plugin: lib='libnyash_filebox_plugin.so' path='plugins/nyash-filebox-plugin/target/release/libnyash_filebox_plugin.so'
[PluginLoaderV2] load_plugin: lib='libnyash_python_compiler_plugin.so' path='plugins/nyash-python-compiler-plugin/target/release/libnyash_python_compiler_plugin.so'
[PluginLoaderV2] load_plugin: lib='libnyash_toml_plugin.so' path='plugins/nyash-toml-plugin/target/release/libnyash_toml_plugin.so'
[PluginLoaderV2] load_plugin: lib='libnyash_net_plugin.so' path='plugins/nyash-net-plugin/target/release/libnyash_net_plugin.so'
[PluginLoaderV2] load_plugin: lib='libnyash_math_plugin.so' path='plugins/nyash-math-plugin/target/release/libnyash_math_plugin.so'
[PluginLoaderV2] load_plugin: lib='libnyash_encoding_plugin.so' path='plugins/nyash-encoding-plugin/target/release/libnyash_encoding_plugin.so'
[PluginLoaderV2] load_plugin: lib='libnyash_json_plugin.so' path='plugins/nyash-json-plugin/target/release/libnyash_json_plugin.so'
[PluginLoaderV2] load_plugin: lib='libnyash_python_parser_plugin.so' path='plugins/nyash-python-parser-plugin/target/release/libnyash_python_parser_plugin.so'
🔌 plugin host initialized from nyash.toml
  📦 Registering plugin provider for ClientBox
  📦 Registering plugin provider for ResponseBox
  📦 Registering plugin provider for RequestBox
  📦 Registering plugin provider for ServerBox
  📦 Registering plugin provider for SockServerBox
  📦 Registering plugin provider for SockClientBox
  📦 Registering plugin provider for SockConnBox
  📦 Registering plugin provider for RegexBox
  📦 Registering plugin provider for JsonDocBox
  📦 Registering plugin provider for JsonNodeBox
  📦 Registering plugin provider for EncodingBox
  📦 Registering plugin provider for MathBox
  📦 Registering plugin provider for TimeBox
  📦 Registering plugin provider for PathBox
  📦 Registering plugin provider for FileBox
  📦 Registering plugin provider for PyRuntimeBox
  📦 Registering plugin provider for PyObjectBox
  📦 Registering plugin provider for PythonParserBox
  📦 Registering plugin provider for TOMLBox
  📦 Registering plugin provider for PythonCompilerBox
✅ plugin host fully configured
[using] ctx: modules=16 using_paths=apps:lib:.:apps:lib:.
[using] hit modules: selfhost.vm.core -> apps/selfhost/vm/boxes/mini_vm_core.nyash
[using] ctx: modules=16 using_paths=apps:lib:.:apps:lib:.
[using] hit modules: selfhost.vm.json -> apps/selfhost/common/json_adapter.nyash
[using] ctx: modules=16 using_paths=apps:lib:.:apps:lib:.
[using] hit modules: selfhost.vm.json_cur -> apps/selfhost/vm/boxes/json_cur.nyash
[using] ctx: modules=16 using_paths=apps:lib:.:apps:lib:.
[using] hit modules: selfhost.vm.scan -> apps/selfhost/common/mini_vm_scan.nyash
[using] ctx: modules=16 using_paths=apps:lib:.:apps:lib:.
[using] hit modules: selfhost.vm.binop -> apps/selfhost/common/mini_vm_binop.nyash
[using] ctx: modules=16 using_paths=apps:lib:.:apps:lib:.
[using] hit modules: selfhost.vm.json -> apps/selfhost/common/json_adapter.nyash
[using] hit modules: selfhost.vm.scan -> apps/selfhost/common/mini_vm_scan.nyash
[using] hit modules: selfhost.vm.compare -> apps/selfhost/common/mini_vm_compare.nyash
[using] ctx: modules=16 using_paths=apps:lib:.:apps:lib:.
[using] hit modules: selfhost.vm.scan -> apps/selfhost/common/mini_vm_scan.nyash
[using] hit modules: selfhost.vm.prints -> apps/selfhost/vm/boxes/mini_vm_prints.nyash
[using] ctx: modules=16 using_paths=apps:lib:.:apps:lib:.
[using] hit modules: selfhost.vm.scan -> apps/selfhost/common/mini_vm_scan.nyash
[using] hit modules: selfhost.vm.binop -> apps/selfhost/common/mini_vm_binop.nyash
[using] hit modules: selfhost.vm.compare -> apps/selfhost/common/mini_vm_compare.nyash
[using] hit modules: selfhost.vm.json -> apps/selfhost/common/json_adapter.nyash
[using] hit modules: selfhost.vm.prints -> apps/selfhost/vm/boxes/mini_vm_prints.nyash
[using][seam] fix: appending 1 '}' before body
[pyvm] error: pyvm: max steps exceeded (200000) in function MiniVmPrints.print_prints_in_slice/3
Traceback (most recent call last):
  File "/mnt/c/git/nyash-project/nyash_self_main/tools/pyvm_runner.py", line 83, in <module>
    main()
  File "/mnt/c/git/nyash-project/nyash_self_main/tools/pyvm_runner.py", line 67, in main
    result = vm.run_args(entry, argv) if argv else vm.run(entry)
                                                   ^^^^^^^^^^^^^
  File "/mnt/c/git/nyash-project/nyash_self_main/src/llvm_py/pyvm/vm.py", line 172, in run
    return self._exec_function(fn, [])
           ^^^^^^^^^^^^^^^^^^^^^^^^^^^
  File "/mnt/c/git/nyash-project/nyash_self_main/src/llvm_py/pyvm/vm.py", line 290, in _exec_function
    op_boxcall(self, fn, inst, regs)
  File "/mnt/c/git/nyash-project/nyash_self_main/src/llvm_py/pyvm/ops_box.py", line 75, in op_boxcall
    out = owner._exec_function(callee, args)
          ^^^^^^^^^^^^^^^^^^^^^^^^^^^^^^^^^^
  File "/mnt/c/git/nyash-project/nyash_self_main/src/llvm_py/pyvm/vm.py", line 239, in _exec_function
    raise RuntimeError(f"pyvm: max steps exceeded ({max_steps}) in function {fn.name}")
RuntimeError: pyvm: max steps exceeded (200000) in function MiniVmPrints.print_prints_in_slice/3
